// 重构日志: 9f9e8f5f
// 重构日志: 6ab8b5c8
// 重构日志: 5802fdd1
// 同步 ID: c02d5ee2 @ Mon Jul 20 20:59:33 UTC 2026
// 重构日志: 93545f75
// 重构日志: 7a1300b4
// 重构日志: f88d7613
// 重构日志: 57655216
// 重构日志: 20db6fcd
// 重构日志: 735fa7b6
// 同步 ID: 14c13460 @ Fri Jul 24 08:40:18 UTC 2026
// 同步 ID: be62ce14 @ Fri Jul 24 10:33:15 UTC 2026
// 重构日志: 9351db99
// 重构日志: bc5fa03c
// 重构日志: aa2d5fb2
// 重构日志: b2e4cf74
// 重构日志: 180f117f
// 同步 ID: 642b3ffb @ Sat Jul 25 23:05:11 UTC 2026
// 同步 ID: 3450afc9 @ Sun Jul 26 04:43:44 UTC 2026
// 同步 ID: 96ebe0c1 @ Sun Jul 26 09:22:33 UTC 2026
// 同步 ID: 95fda7af @ Sun Jul 26 17:34:39 UTC 2026
// 重构日志: 03996aea
// 重构日志: 0ad95c97
// 重构日志: 23e4bf4e
// 重构日志: ebab37d6
// 重构日志: edf5021b
// 重构日志: 3a28bfd8
// 重构日志: 97403c33
// 重构日志: 1bd7727d
// 同步 ID: d02b7669 @ Fri Jul 31 00:49:47 UTC 2026
